
> apex-himalayan-rides@0.1.0 build
> next build

node.exe : The Next 
Bundle Analyzer is not 
compatible with Turbopack 
builds, no report will be 
generated.
At line:1 char:1
+ & "C:\Program 
Files\nodejs/node.exe" 
"C:\Program 
Files\nodejs/node_mo ...
+ ~~~~~~~~~~~~~~~~~~~~~~~~
~~~~~~~~~~~~~~~~~~~~~~~~~~
~~~~~~~~~~~~~~~~~~~
    + CategoryInfo        
      : NotSpecified: (T  
  he Next Bundle...l be   
  generated.:String) [    
], RemoteException
    + FullyQualifiedError 
   Id : NativeCommandErr  
  or
 

Consider trying the new 
Turbopack analyzer via 
`next 
experimental-analyze`.

See https://nextjs.org/doc
s/app/guides/package-bundl
ing for more information

To run this analysis pass 
the `--webpack` flag to 
`next build`
ΓÜá Warning: Next.js 
inferred your workspace 
root, but it may not be 
correct.
 We detected multiple 
lockfiles and selected 
the directory of 
C:\Users\Kavya Sarvasiddi\
package-lock.json as the 
root directory.
 To silence this warning, 
set `turbopack.root` in 
your Next.js config, or 
consider removing one of 
the lockfiles if it's not 
needed.
   See https://nextjs.org/
docs/app/api-reference/con
fig/next-config-js/turbopa
ck#root-directory for 
more information.
 Detected additional 
lockfiles: 
   * C:\Users\Kavya Sarvas
iddi\OneDrive\Desktop\apex
-himalayan-rides\package-l
ock.json

Γû▓ Next.js 16.2.1 (Turbopack)
- Environments: .env.local
- Experiments (use with caution):
  Γ£ô optimizeCss

ΓÜá The "middleware" file 
convention is deprecated. 
Please use "proxy" 
instead. Learn more: https
://nextjs.org/docs/message
s/middleware-to-proxy
  Creating an optimized production build ...
The Next Bundle Analyzer 
is not compatible with 
Turbopack builds, no 
report will be generated.

Consider trying the new 
Turbopack analyzer via 
`next 
experimental-analyze`.

See https://nextjs.org/doc
s/app/guides/package-bundl
ing for more information

To run this analysis pass 
the `--webpack` flag to 
`next build`
Γ£ô Compiled successfully in 12.1s
  Running TypeScript ...
  Finished TypeScript in 9.9s ...
  Collecting page data using 11 workers ...
  Generating static pages using 11 workers (0/12) ...
  Generating static pages using 11 workers (3/12) 
  Generating static pages using 11 workers (6/12) 
  Generating static pages using 11 workers (9/12) 
Γ£ô Generating static pages using 11 workers (12/12) in 637ms
  Finalizing page optimization ...

Route (app)
Γöî ╞Æ /
Γö£ Γùï /_not-found
Γö£ ╞Æ /admin
Γö£ ╞Æ /admin/enquiries
Γö£ ╞Æ /admin/gallery
Γö£ ╞Æ /admin/login
Γö£ ╞Æ /admin/settings
Γö£ ╞Æ /admin/stays
Γö£ ╞Æ /admin/stays/[id]
Γö£ ╞Æ /admin/stays/new
Γö£ ╞Æ /admin/testimonials
Γö£ ╞Æ /admin/tours
Γö£ ╞Æ /admin/tours/[id]
Γö£ ╞Æ /admin/tours/new
Γö£ ╞Æ /api/auth/callback
Γö£ ╞Æ /api/enquiries
Γö£ Γùï /faq
Γö£ ╞Æ /rides
Γö£ ╞Æ /rides/[slug]
Γö£ Γùï /robots.txt
Γö£ ╞Æ /sitemap.xml
Γö£ ╞Æ /stays
Γö£ ╞Æ /stays/[slug]
Γöö ╞Æ /testimonials


╞Æ Proxy (Middleware)

Γùï  (Static)   prerendered as static content
╞Æ  (Dynamic)  server-rendered on demand

